2025-05-06T15:08:38.807Z [error]: Unable to start server:
2025-05-06T15:08:49.453Z [error]: Unable to start server:
2025-05-06T15:09:07.574Z [error]: Unable to start server:
2025-05-06T15:09:26.687Z [error]: Unable to start server:
2025-05-06T15:09:43.471Z [error]: Unable to start server:
2025-05-06T15:11:18.899Z [error]: Unable to start server:
2025-05-06T15:11:55.726Z [error]: Unable to start server:
2025-05-06T15:12:03.887Z [error]: Unable to start server:
2025-05-06T15:12:11.392Z [error]: Unable to start server:
2025-05-06T15:12:18.555Z [error]: Unable to start server:
2025-05-06T15:13:26.822Z [info]: Attempting to connect to the database...
2025-05-06T15:13:26.834Z [error]: Unable to start server:
2025-05-06T15:13:29.783Z [info]: Attempting to connect to the database...
2025-05-06T15:13:29.803Z [error]: Unable to start server:
2025-05-06T15:22:01.426Z [info]: Attempting to connect to the database...
2025-05-06T15:22:01.457Z [error]: Unable to start server:
2025-05-06T15:22:36.164Z [info]: Attempting to connect to the database...
2025-05-06T15:22:36.198Z [error]: Unable to start server: role "postgres" does not exist
2025-05-06T15:24:09.790Z [info]: Attempting to connect to the database...
2025-05-06T15:24:09.816Z [error]: Unable to start server: role "postgres" does not exist
2025-05-06T15:26:03.591Z [info]: Attempting to connect to the database...
2025-05-06T15:26:03.606Z [error]: Unable to start server: database "sales_data" does not exist
2025-05-06T15:26:43.586Z [info]: Attempting to connect to the database...
2025-05-06T15:26:43.640Z [info]: Database connection has been established successfully.
2025-05-06T15:26:43.640Z [info]: Starting server on port 3000...
2025-05-06T15:26:43.642Z [info]: Server is running on port 3000
